<?xml version="1.0" encoding="utf-8" ?>
<results>
	<result date="2010-01-03">
		<row>
			<label>Site 1</label>
			<nb_pageviews>2</nb_pageviews>
			<revenue>10</revenue>
			<nb_actions>1</nb_actions>
			<nb_visits>1</nb_visits>
			<visits_evolution>100%</visits_evolution>
			<actions_evolution>100%</actions_evolution>
			<pageviews_evolution>100%</pageviews_evolution>
			<revenue_evolution>100%</revenue_evolution>
			<idsite>1</idsite>
		</row>
	</result>
	<result date="2010-01-04">
		<row>
			<label>Site 1</label>
			<nb_pageviews>1</nb_pageviews>
			<nb_actions>2</nb_actions>
			<nb_visits>1</nb_visits>
			<visits_evolution>0%</visits_evolution>
			<actions_evolution>100%</actions_evolution>
			<pageviews_evolution>-50%</pageviews_evolution>
			<revenue_evolution>-100%</revenue_evolution>
			<idsite>1</idsite>
		</row>
		<row>
			<label>Site 2</label>
			<nb_pageviews>3</nb_pageviews>
			<nb_actions>3</nb_actions>
			<nb_visits>1</nb_visits>
			<visits_evolution>100%</visits_evolution>
			<actions_evolution>100%</actions_evolution>
			<pageviews_evolution>100%</pageviews_evolution>
			<idsite>2</idsite>
		</row>
	</result>
	<result date="2010-01-05">
		<row>
			<label>Site 1</label>
			<nb_pageviews>5</nb_pageviews>
			<revenue>5</revenue>
			<nb_actions>5</nb_actions>
			<nb_visits>1</nb_visits>
			<visits_evolution>0%</visits_evolution>
			<actions_evolution>150%</actions_evolution>
			<pageviews_evolution>400%</pageviews_evolution>
			<revenue_evolution>100%</revenue_evolution>
			<idsite>1</idsite>
		</row>
	</result>
	<result date="2010-01-06" />
	<result date="2010-01-07" />
	<result date="2010-01-08" />
	<result date="2010-01-09" />
</results>