<?xml version="1.0" encoding="utf-8" ?>
<result>
	<row>
		<label>GA Campaign</label>
		<nb_uniq_visitors>3</nb_uniq_visitors>
		<nb_visits>3</nb_visits>
		<nb_actions>3</nb_actions>
		<max_actions>1</max_actions>
		<sum_visit_length>1084</sum_visit_length>
		<bounce_count>3</bounce_count>
		<goals>
			<row idgoal='1'>
				<nb_conversions>1</nb_conversions>
				<nb_visits_converted>1</nb_visits_converted>
				<revenue>42.26</revenue>
			</row>
		</goals>
		<nb_conversions>1</nb_conversions>
		<revenue>42.26</revenue>
		<subtable>
			<row>
				<label>Piwik kwd</label>
				<nb_uniq_visitors>1</nb_uniq_visitors>
				<nb_visits>1</nb_visits>
				<nb_actions>1</nb_actions>
				<max_actions>1</max_actions>
				<sum_visit_length>1084</sum_visit_length>
				<bounce_count>1</bounce_count>
				<goals>
					<row idgoal='1'>
						<nb_conversions>1</nb_conversions>
						<nb_visits_converted>1</nb_visits_converted>
						<revenue>42.26</revenue>
					</row>
				</goals>
				<nb_conversions>1</nb_conversions>
				<revenue>42.26</revenue>
			</row>
			<row>
				<label>thing1.com</label>
				<nb_uniq_visitors>1</nb_uniq_visitors>
				<nb_visits>1</nb_visits>
				<nb_actions>1</nb_actions>
				<max_actions>1</max_actions>
				<sum_visit_length>0</sum_visit_length>
				<bounce_count>1</bounce_count>
				<nb_visits_converted>0</nb_visits_converted>
			</row>
			<row>
				<label>whatever</label>
				<nb_uniq_visitors>1</nb_uniq_visitors>
				<nb_visits>1</nb_visits>
				<nb_actions>1</nb_actions>
				<max_actions>1</max_actions>
				<sum_visit_length>0</sum_visit_length>
				<bounce_count>1</bounce_count>
				<nb_visits_converted>0</nb_visits_converted>
			</row>
		</subtable>
	</row>
	<row>
		<label>Adsense campaign</label>
		<nb_uniq_visitors>1</nb_uniq_visitors>
		<nb_visits>1</nb_visits>
		<nb_actions>1</nb_actions>
		<max_actions>1</max_actions>
		<sum_visit_length>0</sum_visit_length>
		<bounce_count>1</bounce_count>
		<nb_visits_converted>0</nb_visits_converted>
		<subtable>
			<row>
				<label>(adsense) www.adsense-publisher-website.org</label>
				<nb_uniq_visitors>1</nb_uniq_visitors>
				<nb_visits>1</nb_visits>
				<nb_actions>1</nb_actions>
				<max_actions>1</max_actions>
				<sum_visit_length>0</sum_visit_length>
				<bounce_count>1</bounce_count>
				<nb_visits_converted>0</nb_visits_converted>
			</row>
		</subtable>
	</row>
	<row>
		<label>Adwords campaign</label>
		<nb_uniq_visitors>1</nb_uniq_visitors>
		<nb_visits>1</nb_visits>
		<nb_actions>1</nb_actions>
		<max_actions>1</max_actions>
		<sum_visit_length>0</sum_visit_length>
		<bounce_count>1</bounce_count>
		<nb_visits_converted>0</nb_visits_converted>
		<subtable>
			<row>
				<label>nintendo consoles second hand</label>
				<nb_uniq_visitors>1</nb_uniq_visitors>
				<nb_visits>1</nb_visits>
				<nb_actions>1</nb_actions>
				<max_actions>1</max_actions>
				<sum_visit_length>0</sum_visit_length>
				<bounce_count>1</bounce_count>
				<nb_visits_converted>0</nb_visits_converted>
			</row>
		</subtable>
	</row>
	<row>
		<label>CREDITED TO GOAL PLEASE</label>
		<nb_uniq_visitors>1</nb_uniq_visitors>
		<nb_visits>1</nb_visits>
		<nb_actions>0</nb_actions>
		<max_actions>0</max_actions>
		<sum_visit_length>0</sum_visit_length>
		<bounce_count>1</bounce_count>
		<goals>
			<row idgoal='1'>
				<nb_conversions>1</nb_conversions>
				<nb_visits_converted>1</nb_visits_converted>
				<revenue>42</revenue>
			</row>
		</goals>
		<nb_conversions>1</nb_conversions>
		<revenue>42</revenue>
		<subtable>
			<row>
				<label>example.org</label>
				<nb_uniq_visitors>1</nb_uniq_visitors>
				<nb_visits>1</nb_visits>
				<nb_actions>0</nb_actions>
				<max_actions>0</max_actions>
				<sum_visit_length>0</sum_visit_length>
				<bounce_count>1</bounce_count>
				<goals>
					<row idgoal='1'>
						<nb_conversions>1</nb_conversions>
						<nb_visits_converted>1</nb_visits_converted>
						<revenue>42</revenue>
					</row>
				</goals>
				<nb_conversions>1</nb_conversions>
				<revenue>42</revenue>
			</row>
		</subtable>
	</row>
</result>