<?xml version="1.0" encoding="utf-8" ?>
<result>
	<row>49.250000</row>
	<row>123.456001</row>
	<row>47.249001</row>
	<row>124.456001</row>
	<row>29.650000</row>
	<row>1.000000</row>
</result>