<?xml version="1.0" encoding="utf-8" ?>
<results>
	<result idSite="1">
		<result date="2010-05-06">
			<row>
				<testcol3>testdata3</testcol3>
				<label>Keyword not defined</label>
			</row>
			<row>
				<testcol1>testdata1</testcol1>
				<testcol2>testdata2</testcol2>
				<label>Keyword not defined</label>
			</row>
		</result>
		<result date="2010-05-07">
			<row>
				<testcol3>testdata3</testcol3>
				<label>Keyword not defined</label>
			</row>
			<row>
				<testcol1>testdata1</testcol1>
				<testcol2>testdata2</testcol2>
				<label>Keyword not defined</label>
			</row>
		</result>
	</result>
	<result idSite="2">
		<result date="2010-05-06">
			<row>
				<testcol3>testdata3</testcol3>
				<label>Keyword not defined</label>
			</row>
			<row>
				<testcol1>testdata1</testcol1>
				<testcol2>testdata2</testcol2>
				<label>Keyword not defined</label>
			</row>
		</result>
		<result date="2010-05-07">
			<row>
				<testcol3>testdata3</testcol3>
				<label>Keyword not defined</label>
			</row>
			<row>
				<testcol1>testdata1</testcol1>
				<testcol2>testdata2</testcol2>
				<label>Keyword not defined</label>
			</row>
		</result>
	</result>
</results>