<?xml version="1.0" encoding="utf-8" ?>
<result>
	<nb_conversions>24</nb_conversions>
	<nb_visits_converted>24</nb_visits_converted>
	<conversion_rate>92.31</conversion_rate>
	<revenue>120</revenue>
</result>