<html>
<head>
<meta http-equiv="Content-Type" content="text/html; charset=utf-8"/>
</head>
<body style="color: rgb(68,68,68);">
<a name="reportTop"/>
<a target="_blank" href=""><img title="Go to Piwik" border="0" alt="Piwik" src='themes/default/images/logo-header.png'/></a>
<h1 style="color: rgb(126,115,99); font-size: 11pt;">
Website Piwik test
</h1>
<p>
Mail Test report - Date range: Week 4 April - 10 April 2011
</p><a name="Actions_getPageTitles"/>
<h2 style="color: rgb(126,115,99); font-size: 11pt;">
Page titles
</h2>
<img
alt=""
src="data:image/png;base64,iVBORw0KGgoAAAANSUhEUgAAArwAAADICAIAAACF9KXqAAAgAElEQVR4nO3de7AdRZ3A8U5yHwS4CQUhCUlQwhURBDYrgWWlYnY3ouBShCASVxEWXKMWK4ha/rMPj65VWyW7si6FpYgPlBWzIgFExQIsMVKlENgorIvK9ZqQexNyL1zyICQ3j7N/TJgMM9093T3dZx7n+ylK5056un/zm1efnjlzprTbbQEAAJBnatkBAACAepB3GgYHBzscBwAAqDhJp4EeAwAAyEp3GgYHB4eGhkoJBQAAVFlP8g9pj2FkZCT553PPPTd37lxNjbt37546dWpfX5+vECHIahhkNQSyGgJZDYGsOjg00uBrjGFycnLfvn3F60ESWQ2BrIZAVkMgqyGQVQfpkYbkdNSHmD9/frJM6s+sdrvd398/a9Ysf0GCrAZBVkMgqyGQ1RDIqoNDnYbkMEPoJxue+v1YuMobaWx8e19f75YJXqrhUzdn9bSTji07BAD1w3saAACAEToNAADAiLzTwLcuAQBACiMNfiw//5xSKlx+/jnRf35b74A6xlxH5BmARxXqNEjPbtFMTnxSy88/5577fxH9py/WsZAMRZELdWz6mEOvUdwV61iHLFwr99z/iwruAABqqkKdBg39RbG+/J7NVbV1Pnu5l/yCIXVgjeLeWGcuukHXiH4DAF8q1GnIntqKX12A4rjoAkCkJ79IBaR6D/EZPJ6ZLKCaTtWmqiSar28uNV8VZzaYZD2pOy/67tHfXX5hNtr4f+OwpbVlE5KMXNOuqrbkstmk6dfLvCOoCVW1P6SiUrUbl7/19vtMIskGJg0pFUNqvmafzO5yuQtKpzWbVZoTALBVj05DUm6foEgluRcbw+uWSYvm5/Hl559z6+339fX1zpwxM14ktbhVbaouhT5g6bLZmR6vTyahFtwQ3/zvHxcPSRWD877qsKDhZgWAIjx0Gi65fo154btuXKH51+T51+QKIT1fm1y0VJXoPxYnP1hbnZGz9dguOzY+no3WjcMVKNk1cavQTW7NBTfErbffd8Vlb7dqJXefVM2PN1xqC2YHVLzs5PQYAITQ6ZGGVqvVarWK1CD9KJk7Il1rlbqhXqlgHBjGrxnqN8+Ac64cdnLpnTUA8MtDp+GuG1e0Wq2FCxdGf05MTPT09AwMDEgLDw8Xba4Lz4nRSEN0e6LcSGzvBVRQMv4oq7nFkqwyoKokd8jKbSdPPtnQhYcJgA7wM9KQHDwYGRkp8rthRT4wZT91waPGjNw4q0IGcndyzd09ACioQl+5NJE9Uaqe0pfOkdKcXlU3m7PzVTWr6jEJTLqs7eJuTAL2Eob0ymd+wSu4IYQQV1z2dotwZdWqYtBvOP0wg8NOTi8ZQAfU79sTqVOq28cp8xqSzWUfT0tNZ2OTXkKST9VprgfSejQlDWszlK1Ns3bmkWQvltl6rIIvsiGEEFbfnlBVq9nQbvuqw4L6RRh4AODFlHa77bdGk9sTT/1+zG+jVup4Aq3IMw1eBM2/VeWBslrBHSwb0mknHRuorYI3KCFFVkMgqw5qdnsCDdC8J040X5isggqGBKCmyrk9Ee5TTl0CsDVy+GSTesRDQ0ODg4OBfoHdfOP6ymq0OvF0wdr8CpdnAF2ofs80FMc5tAoCbYWyNm5ld6rKBgagjsrpNOzb9HAp7dbXtLHxKX29+3Y34ZmG6mheVnsWLC07BABNxjMNAADACJ0GAABghE4DAAAw0hWdhpOXXl12CDmqH6GhxqxIlZFkAGWp4rcnonPibx/+WtmByKVO2ZWNs/NOXnr1bx/+WvS/qn/VLxs0tuSfndlqgVZKk2QACKqKnQYvgp5VkzWXePqu1JWjYDAdWJHOb7Wge2Cltj6ALlG52xPRqTA6J5Ydi5EahYoYWw0AHNRjpCEe947npD41pmZGc1JXBdXi2RqSzZl/mFMtlQ0vG0+yBtWcsy+6PhWkvvJkxjRNp5Kmme/l5oJqU6ZqyAajT45hnJqoUvGowpC2pYotN8JkAc20NDYGGwB0Xj06DUJ2hcier+Pp1Pn05KVXqxZXTbudjvUXNtW0MHi07dxLP/novTfOnDkzXjb3mmHetObyplnQmWZbqApY1Wkbp8muJQrnpPhSVgsCQAgeOg07vnBY8s8Z0UxF4YHrdru1YvJsneY6qjrVSmvQlNfXoL/4xeE5XNUeufNzyXpMllJlJru44aOLvj7a6mtwaMIhzqjA+Ni4Kh7bnOj7BLkRGu4Y9BgAlKvTIw2tVqvVaqn+NXUB7sznKod725o7HbVgvsp1ufFvOBoRT+feKirYluFSubddHHqxABCOh07DwHW7W63WwoULoz8nJiZ6enoGBgbkpSeG9bV1/iol/eRtu0iNWA3+12VNTeI0HG1y2/q5w0jOmYzvlRSpBAC88DPSkBw8GBkZKfJzw7Y3s2GFm+IpZ190fekJST2LIy1T5FEbAPClQl+5zJ4QNedQaQGHU2q2CY89FVV42fnSxZMP25976SeLRKi5Q6+Jxy050q1mvmlsk+Mcp75ah5zohxk0S2ULZ4sBQBXU5tsTKsnTsfSRRqsarBb0FV7yvrUqkkfu/FzqK5eayiPSW/iqJqTxSMtrVlPVimZBTW2aCE3+NGzr0XtvVNVTMCealfKyFKMOADpvSrvd9lujye2JfZse9tto442Pjff29UZfuTRR8IpS/CsMHoWr2SqrVbtIS+PpWbC0lGCSCt6ghBRZDYGsOqjQ7QmUqOBdHtHEdywWz0k4VYsHQJco5/ZEFT4P1cv+KSM9/f09Nj1iqyQPDQ0NDg7G03bBvboS58U1Au0w+qx6yUkIgZIMALlq/0wDpBwuKl6uQyEuZiVeIKt5ba5mVAC6QTmdhh3rRktpt772jD/f7u3dMXOy7EAahayGQFZDiLIqlnH3HaEcONC+9ON3CyHuunGFphjPNAAA0O2GR180KUanAQCAbrdx83aTYnQaAADodjd9+wkhxHsuOEVfrCs6DYtWLik7hBzVjzCEDqx1wSa6c7tokJAOIMko0Qnzc95bU8VOw6KVS6p82EThxf+VHU7VVTZFlQ3MI7/ruGjlkvWr16rq1LcVOtulHJWBGtIkGQjkwIGDr3k8Yf5R+pJV7DR4EfSoW796bfxfiYd3Lc4s61evTf5ZbszJ1lOBdV4HUuFxHaMeQxUi0TTR4aMy3ErRb0CHbduxO5qYddR0fcnKdRqic1ONjpkahQp0CY5KwMrGLTsMS9bj5U7ZcdFkHz+eH8+M5qTOGppPmakaks2Zf5hQLZUNLxtPsgbVnKWrLkwFqa88mTFN06mkaearUpEMMjudmpNtyOTTv3R1kn/qU6dq/YGb12jql4ahL6Aqk11H6eYz3FU0mya1E6qSIK1Es17mwwyLVi554OY18b4qXn1MadYodwuaJF8TVSoeVRjStlSx5UaoPzT0sUlzAgRi+NUJUZdOg5CdQbLHczydvVapFldNux2u+hOfaloYjFSfd82Kh2+5L/pppeRgjP7qZdi05vSnWdCB1XbRr45Qd3fMW9fUnw3DJBUm+5Jq89nuKobl9eGZ599ccl+V1mm780sjN4/H5NQhDBIbIsIQ+QccfP2eJ4UQH77sT3NLeug0PL74luzMDYrCZ65b5dZK7jlaaPvmhh+hpEMFeska9CfHODyHs178mdg8NlVm9JdDk/g1cdqunXNJ7+dW/ZqapCJbxjxU211FE4/trp7kJavJfTU3DBO2+6HQHpX6MEw2hMmmN+maZ9FjQLleO29GbplOjzS0Wq1Wq6X619Sh3pl+t+HnVNUidTzOzVfZpKTJFbQBHPYTq2WL1O8chkMvuRS2CczujX7bMlwq99CoS/7RbJN790cTx8/tSKfhzHWrWq3WwoULoz8nJiZ6enoGBgbkpYdzauvAqTNF+snbdpEasRocrvWa+uWcCsOEdyDVmkG4il+6TAIzHGJxO7pzx36cU1eL/KPZRscOPgU5vT+/S+BnpCE5eDAyMtLf3z/L5keck2xvdsJKuAGA5PA4Gy5WlxEX6W3+BqjCGpkcGk3NP2phk/FXJ0SlvnKZPWByLz+pAg6HXLYJjxc8VXjZ+dLF4/nrV68975oVueU1NHdwNfGYJydbebnnvoIb0WRX1Az1a2LQJFBav+GmMdnzpU04JEp6VJoferY7v7RF5+2rSWBuW/phBs1S2cLZYkCJPv+tdUKI977jVJPCtfn2hErycM19ziu3BqsFfYWXvK+piiT5NbbsDVEhOzdJb/GqmpDGIy1vs/YSgcYhDDeipvXc1TRJRXaLaAJLTavqN9k0bhfs5MC4vp7U9TKbRqsdw3bnV0Vu25aqac20eVvel2LUAR12/HGKhwpebUq73fbbsMntiR3rRv022nhj4+N9vb3x19hyFTzjdMkJK85qjda3rFDN2+3wvupLRcKIpeKJsrpgWc6PCcFKwZvpzbB//4F3feIeIcQX/+Ftc2cdkVu+QrcnUKKCd3kQTkU2TfMeValIYqWqFg8abMeuvdGESY9BlHV7YmDxvFLara/tI+3+/v4Bmx6xVZKHhoYGBwfjabvgaiuZ1cruk9XZNFEkuTGE3ld9qU5iU6RJjrJaSjxotme3bLMqX/tnGiDlcBKs1Hmzwyq+7tUJL0QkJa5ddRKbVM2o0FSjW3dalS+n0zC6zuILHhBCPD++p7e3PTmTvPlEVkNoXlbnLTZ6QAyooy/f+SshxIcvW2RYnmcaAADoagvm5L8LMkKnAQCAbrRncl80sWCO6XAanQYAALrR1udfiiYGjugzXKQrOg1LVprerSlL9SMMoTvX2hZZ6gzyjC608TnrZ4+q2GlYsnJRlQ/gKLz4v7LDqTpSVMSSlYvWrl4v1GnUpzd08ks5FgI1tHb1evZVdJt/v+0x20Wq2GnwIujxv3b1+vi/Ek80tTjHRde8WMVjrlR4cY/BWcHFDZvo8LEQbqXoN6A7ffKqs80LV67TEJ0oa3T01ihUICiOBaCOzJ+CFHV5uVPUk0iej5KfNuL58cxoTur8pVo8W0OyOfOPNaqlsuFl40nWoJpz4aqlqSD1lSczpmk6lTTNfFUqkkFmp1Nzsg1ptot0XYRZerOVZIutuOa8ZJ2qlEqXNU9XdsfQb2jVHP3aSVOUqiQbc267hulVRZWKRxWGtC1VbLkR6ndIfWzSnACNtH3nnmhi9tFGL5CO1KPTIGTnsuyZJZ7OXqtUi6um3U4c+lOwaloYjIqvuOa8+255OPoRoORgjCZI86Y1J2LNgg6stotqXUTe1tcvnlx2zc0P9Pb2JbNquAVt09WB61BuJm13OVFsFUw2mSi8pxVfympBoEk2bN4eTfT1TjNfykOn4ZbFj0vjkRZete5Mt1ZMriWa66jJ5UQkPm7afsiTtqIKz+H8u+bmB5L1mCylykx2ccNLtWE3xWrtHNbFNrxssXhifHxM367V7qGJJ1U+23kqftHS1+DQhO3WjxeJsmqSoty29FnKjdBwh6THgO40Omb3AulIp0caWq1Wq9VS/WvqAtyZTwAmH7k0i9TxjGO+yiYlcz+gV1by9oSKw+7RGIajEfF0dh/w25bhUrk7pMNnA6B5vvzd9UKID77L7tDz0GlYte7MVqu1cOHC6M+JiYmenp6BAcWDFcM5tXX+HC39bGq7SI1YDVPXek31srcnpMUcdg8TzsNOnWQSmOEYntsxlZsl59TF90qKVAI0wILZR1qV9zPSkBw8GBkZ6e/vn2Xzw7hJtrddYSXcJSo5FF/9DZccSId3F65aWvqV2GSHlD5mAXSD+AXS822+OiEq9ZXL7KGbe/lJFXA4+LNNeLzgqcLLzpcuHs9fu3p9ciDd7X6K6l6yJh7z5GQr78BZ2HDrm2Rbs17ZDBimy+RWuvkeKz0WnBfP3eWkLTofGpoU5balH2bQLJUtnC0GdK2tL+yKJo4aOMxqwdp8e0IleeKQPrNmVYPVgr7CS95hVUWy5uYHUl+51FQekd5sVjUhjUda3mbtJTqT3txihnmQlswWU00XXzX9Lm3VhO0uJ/3TsK37bnlYVY/fPc37Uow6oEs8a/8C6ciUdrvtNxST2xOj6xzD7Vrj42Px3XcTBc99XXLqtM2qinO69AsG3QrhKrfKatX2NGk88xbbjd+GUPC2L6S6OauXXL8mmrjrxhVWC1bo9gRKVPAuT7fxki7D+xcONVdZlfe0qsUDhPbxK8+yXaSc2xNV6LnXS3tke39//6xZFnmzSvLQ0NDg4GA8bRdcbTlkNeIrXbnbKGoo0BYJdBjqs1rZPS1cnoHKWjDb+iTwqk5DfDCLih3PsOWw+djiVoqny7CGQNulxM1dzT2tmlEBIby4Y3c0MfsYixdIRw51GlId7aD97j9uWReo5qYae2G8r693576id9+R5DGrJ8xdXLwSAOiAka0H3wU5vd/6bsOhZxroaAMA0HibXL86IUyeadi2bVvyz507d86YMUNTfnJyst1u79ihi2nXrl2G8SGyb99eIdrkzS+PWdXv8F3F5AwAW2Q1hK7NavQC6SsuPNlh3eWdhuS9idHR0eQ/DQ8PJx99yNqzZ8/UqVNfeuklTZnxbc9bxtnt9u7dO3XqlJdf3l12II3iMavT9o7mF+oOJmcA2CKrIXR5Vqe1X05d302kOw1RhyB5q+KUU05JFkj9mWXyzdf+LZXo2S07d+VDj6zWz9HP9x6AytjYeF9fr+a774EibLbcrGap8nzC3JP9xVVv3fzd93DIagjdmdX9+w8I8RshxJvPOvWYmdNtF3/VexqiAYayHm5Ydu7KprZbpAmTZeMrmaqwppLQq7/s3JXJ/4K2lWw0UM0PPbK6rB0VAIrbPHZwZOWoI/sdFj/UaSj9a8plfVAO1G7y0pJswvslp+AYQwfS/tAjq+P/OnPFDbpS9BsA1Nezz22PJqZNc3m7o/I9DYLvUyCA6IrLnRQAKMUN33i0yOKHOg2ldxGS15JoOvfDejwmHxdO1pBdUMg+6EufbJAua1sgG392vm3NucHrS0pD0qdIeplPbSyrmFVtacZjVG2pAkvNz0aY3dk065VdNbo+AGrto5ef6bZgdX/lMnvez14npDNVZaTF9O1KLwy5BUTmopK8aKkuS4Y1F6HJkqaMeZ22MZts4mQMbm0VX8pqQQCovvlzdK9O0PDQafj0bRbvwvvUlabvgjT5FkM8rTm/x9dpw/O+dNncyo1WSStczck6rWLI5RBzsoDVF1VMNmvu12GyEV7yjlUmYdNjANAA23fuiSYWzD7SrYZOjzS0Wq1WqxW6laDPqYWrvI6P1xl+uSOezr1bVLAtw6WijsJ37r45VTLZoUnd8AKAutu45eBTkP19jld/D52GT125rtVqLVy4MPpzYmKip6dnYED+21nDYrh4i7lCPzxfu5rDsR28SbK9FaK/E6S5VZQboaY5ug4AGqPIC6QjfkYakoMH3fm6jHCaermqwlMC7774mrt+eIvQfotS9cQlANTOLXf+Sghx1fLTnWtw+ZpmiVInd83Ic3JO/GExd9mU7KVCVXlxqpqt6pde/MwveIYpSj3XKf0nW6o6TdrSDzNolsoWzhYDgIY57ljHBxpElb89oZK8DKiuhalLRfZGdbZMTHMDXl+5vljufPOas4tkn/VLlcmtR7p48r5+KjBVGs3bMqyzeFshlmLgAUB9HT/HvdMwpd1uewxFmN2e+OMW0+9QIKL5lYSgF7AqXB3DxeDw2xOqkE6Ya/EdombjBmUIZDWEbsvqyNYdH/nXB4UQ3/235W6vgxS1uz2BLM3QRU2lbk+U3mtJqWBIAJBr42ihF0hHyrk9wccyW737dT3ioaGhcD8d0vmNFa1OPB2uIX1WpUr/iRYAcHPDbYVeIB2p3zMNkAp0JSvrAlnZC3NlAwMAEx+6bFGRxbk9AQBAt3jtXMcXSEfoNAAA0HA7d01GE8fTaQAAABrDI9uiicP6Cz2WQKcBAICG2/TKr05MnTqlSD10GgAAaLiv3PVrL/XQaQAAoCt87H1nFayBTgMAAE22f/+BaGLhAusX4KbQaQAAoMm2TuyKJubPHihYFZ0GAACaLH6BdHF0GgAAaLJNW3f4qopOAwAATfZfP/iNEOL9l5xRvCo6DQAANNaBA+1oouALpCN0GgAAaKw9k/uiidccR6cBAACobdh88CnIGUf2F6+NTgMAAI3l8SlIQacBAIAG++J3/sdjbXQaAABouI+9b7GXeug0AADQTHv3HXyB9PE+vjoh6DQAANBUz7/yAul5hV8gHaHTAABAM2167uBTkL09fi73dBoAAGim0fGdfiuk0wAAQDN9456nhBDvX3G6rwrpNAAA0GQL5vh5oEHQaQAAoJF27d4bTfj66oSg0wAAQCONvPIU5NEzp/uqs8dXRQAAoDrir06YGH/mmZsfebcQ4lNXrtMUY6QBAIAGuumOJ8wLRz2GE37/Fn0xOg0AADTWRy/Pf4H0U3ffG0289eL36kvSaQAAoGniF0ibfHXie9s+I4R4wx/Om7/4TH1JOg0AADTNC9tejiaOO/ZIfcm1X/pyNPEXl16eWy2dBgAAmmZk68GnIKf353zj4SfTvyKEOH3jhXNOf2NutXQaAABomtGtRi+Qvv+GG6KJC6693qQ8nQYAAJrma3c/KYS4+mLdC6R3btnyy9mrhRDnvnD59JkzTaql0wAAQDPNm617oOH7X/yPaOKt13/UsEI6DQAANMpLuyajiePnKF8gvfGXj/5u8EEhxFv3fNC8ZjoNAAA0ysjYwQcajjlK+QLpn9x7RzRx7qoPmNdMpwEAgEYZeeUpyKlTp0gLPP2jH214/VohxIqBf7SqmU4DAACNctO3H9cXWL31n6KJMy652KpmOg0AADTQte+Rv97x13fdHU1cedJNtnXSaQAAoIGkX52Y3PnSmh2fjaYX5L00OotOAwAAzTE2sSuamC97gfTar341mvjQm27r6euzrZxOAwAAzbFhdHs0ccTh6T7Btmc3/fyobwohTnzmL01eGp1FpwEAgOYYHduh+qeffeu2aGLZO9/nVjmdBgAAmuMb9zwlhLjyotNS8yeG//jE/DVCiFOHz5+36Ay3yuk0AADQNNlfxL7/66/8BPa7HYcZBJ0GAAAaY9fuvdHE8XMHkvN3btnyu8EHhBCLNi0/9g0nO9dPpwEAgIaIfxH7mJmHXiC9b3Ly9ps+E02/7e+vLVI/nQYAABri2S0HvzrR1zstnrnp0ceee/2jQoilO68y/AlsFToNAAA0xE13PJGdedvQddHEX1xzTcH66TQAANAoH75sUTy97vZvRxNv21e0xyDoNAAA0DAL5syIp3+w//PRxJ+//6riNdNpAACgCeIXSMdfnXjoC/8ZTbxz5j97aYJOAwAATbBx88GnIA8/rDeaiF4aLYQ47eKLvDRBpwEAgCaIvzoxdeoUIcT3Pn1wdOEDZ9zqqwk6DQAANME3v/+/8fT4M888dcIPhRDzf/fm2W881VcTdBoAAGiOT/zt2UKIH932pejPi6+61uEnsFXoNAAAUHuTe/dHE6+ZMzD005/+4XU/FUKc9MyyWa97ncdW6DQAAFB78QMNc2YdefuGT0TT5733ar+t0GkAAKD2Nm7eEU383733RhOnb/jrIr9NJUWnAQCA2rvpjsejiTU7PhtNvOU97j+BrUKnAQCAhvibOc9GE28avcTv0wwROg0AADTBEQd2/ea4g29zevtHrgvRBJ0GAADqbXxilxBi8d4noz//6uUP9B15RIiG6DQAAFBvGzZvO3rfiy/+2YPRn0s+9MFADfUk/xgcHIynh4aGAjUJAAA82rB5+59MefIFIYQQ75gS5MZE5FCnYXBwMNlRSP0JAACq6cf3/HzemT+Lps+6wv+XJmLcngAAoN5On7Y+mlg5+1+CNtSTX8TSrQ8u914nAABQWnTw/99wwQVB28nvNDz22GPJP59++ulTT/X2e1kAAMCLZUe3Hn/88aBN5HcazjrrLM2fWUcf/d3DDz98zpw5heLCqw0PD5NV78hqCGQ1BLIaAll1wDMNAADACJ0GAABg5NDtiaGhId7TAAAAVF71TAMdBQAAoDKl3W6XHQMAAKgBnmkAAABG6DQAQFdIPrUGuPH/Rkjxyq4ZPyGhf77S19OXqUaL12y1FubN2f6oR272AgVju/p62cU1FUo3pfcHbsoNyW96pZVkrxCqo6NIo+bxSAsUbDe7XVQzCzYRSW0vzbET6PmwOBjpKse8Z9VXSk32yRDtZmOwujz5CqkzKxjciSee2PYqqjCuNlW/1Z/OjRav2WotrJqziiQ3XdLaigdju/p6uWHbFiiu3JD8ptewkkCHnnM8xRvNHvWqmQWbkFbu6xh3DsahRZNiqnNpiJUyOcr8tutwYvcVUicTG1SP9DNW1FNW9Wr1inSaVL2/3Hi899RsBwNS5bMxi8SHP/PeZe4gQbbn7iUYv/l02F5xzKn50uGB5G5jGLnDCnoMKcQHC32duZlJrp3ms7VJW+ZlskEml3U76kPvurZNZON3O7u6jV7oN6Xh2oUbNZG2ldwPk4lS7R5FLk+Ge7KXkDqW2NB6hOxHsYXrudiLqsXjTHP99l5zicF0TAV/vb2CIRUkXaPOrFf2AK/jUZ8ijd9tvWz7bY05kUb0uwchdYzymYbOrHn242+58Wha93LXuYhm7JfZ4DUdc5M1TY6juKVF/wm7lJAKqlpXxjmAiuznbmOuGsWzIT2OTOqvTkqLR+JrXTxu34qkN6ie5Bi1IasUD8mG0FMFkjVnT99VEPosrE+p6vGZQMEE4vAQUMHrbu6OmgzAcBNXfHjG/M5XbiW2hQ13XV/tdlKRj+a2K+V8AdPkv17iS4amV6Rnm8Pc7Vs8pCY5ONJglYsie7Nhlrtt22hSKr2toPnXajIfYPBIX39dUmdOukYOq2lV3mrX1UgNm5sHUGUOK+V3n6zmibTg3dXctejMcd3IPdaE5D0N4dZfP6SmWSpQPL5kR2MqDYEAAAD0SURBVFN8XZDczviBgnFWpMeQO1IlnD79F8lJoJAKKticanHno6/0vc6L6p98zNVoXYaGhjp24Tcs2bGQqk/57QnnW/jxgvF4jmawSPqsQHZmbjzZRqU1e1mLIiuSnOk2ZutwS8ghGNvVt12L7Bzn9XKWDcChcrelvKc3VW0yNv1IQLZR853HIR5NYZOumKr+1G2m7Exn0hU3b8JhpawisV3E5MSu2Tl93fxyqMFXJj0eerYhhU5sx8h/e6JqnxKqFg+A4pp6XDd1vQDBa6QBAIAhfuUSQKfVazzWXFPXC4jRaQAAAEa4PQEAAIzQaQAAAEb+H7uOX3SD6u8AAAAAAElFTkSuQmCC"
height="200"
width="700"/>
<br/>
<a style="text-decoration:none; color: rgb(126,115,99); font-size: 9pt" href="#reportTop">
Back to top
</a></body>
</html>