<?xml version="1.0" encoding="utf-8" ?>
<result>
	<row>
		<label>Unknown</label>
		<nb_visits>22</nb_visits>
		<nb_actions>25</nb_actions>
		<max_actions>3</max_actions>
		<sum_visit_length>305</sum_visit_length>
		<bounce_count>20</bounce_count>
		<goals>
			<row idgoal='1'>
				<nb_conversions>20</nb_conversions>
				<nb_visits_converted>20</nb_visits_converted>
				<revenue>100</revenue>
			</row>
		</goals>
		<nb_conversions>20</nb_conversions>
		<revenue>100</revenue>
		<sum_daily_nb_uniq_visitors>22</sum_daily_nb_uniq_visitors>
		<region>xx</region>
		<country>xx</country>
		<country_name>Unknown</country_name>
		<region_name>Unknown</region_name>
		<logo>plugins/UserCountry/flags/xx.png</logo>
	</row>
	<row>
		<label>Virginia, United States</label>
		<nb_visits>4</nb_visits>
		<nb_actions>4</nb_actions>
		<max_actions>1</max_actions>
		<sum_visit_length>0</sum_visit_length>
		<bounce_count>4</bounce_count>
		<goals>
			<row idgoal='1'>
				<nb_conversions>4</nb_conversions>
				<nb_visits_converted>4</nb_visits_converted>
				<revenue>20</revenue>
			</row>
		</goals>
		<nb_conversions>4</nb_conversions>
		<revenue>20</revenue>
		<sum_daily_nb_uniq_visitors>4</sum_daily_nb_uniq_visitors>
		<region>VA</region>
		<country>us</country>
		<country_name>United States</country_name>
		<region_name>Virginia</region_name>
		<logo>plugins/UserCountry/flags/us.png</logo>
	</row>
</result>