<?xml version="1.0" encoding="utf-8" ?>
<result>
	<row>
		<label>Unknown</label>
		<nb_visits>26</nb_visits>
		<nb_actions>29</nb_actions>
		<max_actions>3</max_actions>
		<sum_visit_length>305</sum_visit_length>
		<bounce_count>24</bounce_count>
		<nb_visits_converted>24</nb_visits_converted>
		<sum_daily_nb_uniq_visitors>26</sum_daily_nb_uniq_visitors>
		<url>http://piwik.org/faq/general/#faq_52</url>
	</row>
</result>