2010, January. Site 1: 3 Visits (+100%), 8 Actions (+100%). Site 2: 1 Visits (+100%), 3 Actions (+100%)