2010, January. 3 Visits (+100%), 8 Actions (+100%)