<?xml version="1.0" encoding="utf-8" ?>
<result>
	<nb_visits>6</nb_visits>
	<nb_actions>7</nb_actions>
	<nb_visits_converted>6</nb_visits_converted>
	<bounce_count>5</bounce_count>
	<sum_visit_length>2535</sum_visit_length>
	<max_actions>2</max_actions>
	<bounce_rate>83%</bounce_rate>
	<nb_actions_per_visit>1.2</nb_actions_per_visit>
	<avg_time_on_site>423</avg_time_on_site>
</result>