<?xml version="1.0" encoding="utf-8" ?>
<result>
	<row>-123.133003</row>
	<row>21.320999</row>
	<row>6.018000</row>
	<row>22.231001</row>
	<row>91.099998</row>
	<row>2.000000</row>
</result>