<?xml version="1.0" encoding="utf-8" ?>
<result>
	<nb_visits>2</nb_visits>
	<nb_actions>3</nb_actions>
	<label>Site AAAAAA</label>
	<visits_evolution>100%</visits_evolution>
	<actions_evolution>100%</actions_evolution>
	<pageviews_evolution>100%</pageviews_evolution>
	<revenue_evolution>0%</revenue_evolution>
	<nb_pageviews>3</nb_pageviews>
	<revenue>0</revenue>
</result>