<?xml version="1.0" encoding="utf-8" ?>
<result>
	<nb_visits>30</nb_visits>
	<nb_actions>39</nb_actions>
	<nb_visits_converted>30</nb_visits_converted>
	<bounce_count>21</bounce_count>
	<sum_visit_length>15565</sum_visit_length>
	<max_actions>2</max_actions>
	<bounce_rate>70%</bounce_rate>
	<nb_actions_per_visit>1.3</nb_actions_per_visit>
	<avg_time_on_site>519</avg_time_on_site>
</result>