<?xml version="1.0" encoding="utf-8" ?>
<result>
	<nb_visits>17</nb_visits>
	<nb_actions>26</nb_actions>
	<nb_visits_converted>17</nb_visits_converted>
	<bounce_count>8</bounce_count>
	<sum_visit_length>15565</sum_visit_length>
	<max_actions>2</max_actions>
	<bounce_rate>47%</bounce_rate>
	<nb_actions_per_visit>1.5</nb_actions_per_visit>
	<avg_time_on_site>916</avg_time_on_site>
</result>