<?xml version="1.0" encoding="utf-8" ?>
<results>
	<result idSite="1">
		<nb_uniq_visitors>3</nb_uniq_visitors>
		<nb_visits>3</nb_visits>
		<nb_actions>4</nb_actions>
		<nb_visits_converted>3</nb_visits_converted>
		<bounce_count>2</bounce_count>
		<sum_visit_length>182</sum_visit_length>
		<max_actions>2</max_actions>
		<bounce_rate>67%</bounce_rate>
		<nb_actions_per_visit>1.3</nb_actions_per_visit>
		<avg_time_on_site>61</avg_time_on_site>
	</result>
	<result idSite="2" />
</results>