<?xml version="1.0" encoding="utf-8" ?>
<result>
	<row>
		<label>dir1/sub/dir/page0.html</label>
		<nb_visits>2</nb_visits>
		<nb_uniq_visitors>2</nb_uniq_visitors>
		<nb_hits>2</nb_hits>
		<sum_time_spent>0</sum_time_spent>
		<nb_hits_with_time_generation>2</nb_hits_with_time_generation>
		<min_time_generation>0.1</min_time_generation>
		<max_time_generation>0.2</max_time_generation>
		<entry_nb_uniq_visitors>2</entry_nb_uniq_visitors>
		<entry_nb_visits>2</entry_nb_visits>
		<entry_nb_actions>6</entry_nb_actions>
		<entry_sum_visit_length>2</entry_sum_visit_length>
		<entry_bounce_count>0</entry_bounce_count>
		<avg_time_on_page>0</avg_time_on_page>
		<bounce_rate>0%</bounce_rate>
		<exit_rate>0%</exit_rate>
		<avg_time_generation>0.15</avg_time_generation>
		<url>http://example.org/dir1/sub/dir/page0.html</url>
	</row>
	<row>
		<label>dir1/sub/dir/page1.html</label>
		<nb_visits>2</nb_visits>
		<nb_uniq_visitors>2</nb_uniq_visitors>
		<nb_hits>2</nb_hits>
		<sum_time_spent>0</sum_time_spent>
		<nb_hits_with_time_generation>2</nb_hits_with_time_generation>
		<min_time_generation>0.2</min_time_generation>
		<max_time_generation>0.4</max_time_generation>
		<avg_time_on_page>0</avg_time_on_page>
		<bounce_rate>0%</bounce_rate>
		<exit_rate>0%</exit_rate>
		<avg_time_generation>0.3</avg_time_generation>
		<url>http://example.org/dir1/sub/dir/page1.html</url>
	</row>
	<row>
		<label>dir1/sub/dir/page2.html</label>
		<nb_visits>2</nb_visits>
		<nb_uniq_visitors>2</nb_uniq_visitors>
		<nb_hits>2</nb_hits>
		<sum_time_spent>0</sum_time_spent>
		<nb_hits_with_time_generation>2</nb_hits_with_time_generation>
		<min_time_generation>0.3</min_time_generation>
		<max_time_generation>0.6</max_time_generation>
		<exit_nb_uniq_visitors>2</exit_nb_uniq_visitors>
		<exit_nb_visits>2</exit_nb_visits>
		<avg_time_on_page>0</avg_time_on_page>
		<bounce_rate>0%</bounce_rate>
		<exit_rate>100%</exit_rate>
		<avg_time_generation>0.45</avg_time_generation>
		<url>http://example.org/dir1/sub/dir/page2.html</url>
	</row>
	<row>
		<label>dir2/sub/dir/page0.html</label>
		<nb_visits>2</nb_visits>
		<nb_uniq_visitors>2</nb_uniq_visitors>
		<nb_hits>2</nb_hits>
		<sum_time_spent>0</sum_time_spent>
		<nb_hits_with_time_generation>2</nb_hits_with_time_generation>
		<min_time_generation>0.2</min_time_generation>
		<max_time_generation>0.4</max_time_generation>
		<entry_nb_uniq_visitors>2</entry_nb_uniq_visitors>
		<entry_nb_visits>2</entry_nb_visits>
		<entry_nb_actions>6</entry_nb_actions>
		<entry_sum_visit_length>2</entry_sum_visit_length>
		<entry_bounce_count>0</entry_bounce_count>
		<avg_time_on_page>0</avg_time_on_page>
		<bounce_rate>0%</bounce_rate>
		<exit_rate>0%</exit_rate>
		<avg_time_generation>0.3</avg_time_generation>
		<url>http://example.org/dir2/sub/dir/page0.html</url>
	</row>
	<row>
		<label>dir2/sub/dir/page1.html</label>
		<nb_visits>2</nb_visits>
		<nb_uniq_visitors>2</nb_uniq_visitors>
		<nb_hits>2</nb_hits>
		<sum_time_spent>0</sum_time_spent>
		<nb_hits_with_time_generation>2</nb_hits_with_time_generation>
		<min_time_generation>0.4</min_time_generation>
		<max_time_generation>0.8</max_time_generation>
		<avg_time_on_page>0</avg_time_on_page>
		<bounce_rate>0%</bounce_rate>
		<exit_rate>0%</exit_rate>
		<avg_time_generation>0.6</avg_time_generation>
		<url>http://example.org/dir2/sub/dir/page1.html</url>
	</row>
	<row>
		<label>dir2/sub/dir/page2.html</label>
		<nb_visits>2</nb_visits>
		<nb_uniq_visitors>2</nb_uniq_visitors>
		<nb_hits>2</nb_hits>
		<sum_time_spent>0</sum_time_spent>
		<nb_hits_with_time_generation>2</nb_hits_with_time_generation>
		<min_time_generation>0.6</min_time_generation>
		<max_time_generation>1.2</max_time_generation>
		<exit_nb_uniq_visitors>2</exit_nb_uniq_visitors>
		<exit_nb_visits>2</exit_nb_visits>
		<avg_time_on_page>0</avg_time_on_page>
		<bounce_rate>0%</bounce_rate>
		<exit_rate>100%</exit_rate>
		<avg_time_generation>0.9</avg_time_generation>
		<url>http://example.org/dir2/sub/dir/page2.html</url>
	</row>
	<row>
		<label>dir3/sub/dir/page0.html</label>
		<nb_visits>2</nb_visits>
		<nb_uniq_visitors>2</nb_uniq_visitors>
		<nb_hits>2</nb_hits>
		<sum_time_spent>0</sum_time_spent>
		<nb_hits_with_time_generation>2</nb_hits_with_time_generation>
		<min_time_generation>0.3</min_time_generation>
		<max_time_generation>0.6</max_time_generation>
		<entry_nb_uniq_visitors>2</entry_nb_uniq_visitors>
		<entry_nb_visits>2</entry_nb_visits>
		<entry_nb_actions>6</entry_nb_actions>
		<entry_sum_visit_length>2</entry_sum_visit_length>
		<entry_bounce_count>0</entry_bounce_count>
		<avg_time_on_page>0</avg_time_on_page>
		<bounce_rate>0%</bounce_rate>
		<exit_rate>0%</exit_rate>
		<avg_time_generation>0.45</avg_time_generation>
		<url>http://example.org/dir3/sub/dir/page0.html</url>
	</row>
	<row>
		<label>dir3/sub/dir/page1.html</label>
		<nb_visits>2</nb_visits>
		<nb_uniq_visitors>2</nb_uniq_visitors>
		<nb_hits>2</nb_hits>
		<sum_time_spent>0</sum_time_spent>
		<nb_hits_with_time_generation>2</nb_hits_with_time_generation>
		<min_time_generation>0.6</min_time_generation>
		<max_time_generation>1.2</max_time_generation>
		<avg_time_on_page>0</avg_time_on_page>
		<bounce_rate>0%</bounce_rate>
		<exit_rate>0%</exit_rate>
		<avg_time_generation>0.9</avg_time_generation>
		<url>http://example.org/dir3/sub/dir/page1.html</url>
	</row>
	<row>
		<label>dir3/sub/dir/page2.html</label>
		<nb_visits>2</nb_visits>
		<nb_uniq_visitors>2</nb_uniq_visitors>
		<nb_hits>2</nb_hits>
		<sum_time_spent>0</sum_time_spent>
		<nb_hits_with_time_generation>2</nb_hits_with_time_generation>
		<min_time_generation>0.9</min_time_generation>
		<max_time_generation>1.8</max_time_generation>
		<exit_nb_uniq_visitors>2</exit_nb_uniq_visitors>
		<exit_nb_visits>2</exit_nb_visits>
		<avg_time_on_page>0</avg_time_on_page>
		<bounce_rate>0%</bounce_rate>
		<exit_rate>100%</exit_rate>
		<avg_time_generation>1.35</avg_time_generation>
		<url>http://example.org/dir3/sub/dir/page2.html</url>
	</row>
</result>