<?xml version="1.0" encoding="utf-8" ?>
<result>
	<row>
		<label>0</label>
		<nb_visits>3</nb_visits>
		<nb_hits>3</nb_hits>
		<sum_time_spent>0</sum_time_spent>
		<entry_nb_visits>3</entry_nb_visits>
		<entry_nb_actions>3</entry_nb_actions>
		<entry_sum_visit_length>0</entry_sum_visit_length>
		<entry_bounce_count>3</entry_bounce_count>
		<exit_nb_visits>3</exit_nb_visits>
		<avg_time_on_page>0</avg_time_on_page>
		<bounce_rate>100%</bounce_rate>
		<exit_rate>100%</exit_rate>
		<subtable>
			<row>
				<label>/index</label>
				<nb_visits>1</nb_visits>
				<nb_uniq_visitors>1</nb_uniq_visitors>
				<nb_hits>1</nb_hits>
				<sum_time_spent>0</sum_time_spent>
				<entry_nb_uniq_visitors>1</entry_nb_uniq_visitors>
				<entry_nb_visits>1</entry_nb_visits>
				<entry_nb_actions>1</entry_nb_actions>
				<entry_sum_visit_length>0</entry_sum_visit_length>
				<entry_bounce_count>1</entry_bounce_count>
				<exit_nb_uniq_visitors>1</exit_nb_uniq_visitors>
				<exit_nb_visits>1</exit_nb_visits>
				<avg_time_on_page>0</avg_time_on_page>
				<bounce_rate>100%</bounce_rate>
				<exit_rate>100%</exit_rate>
				<url>http://piwik.net/0/</url>
			</row>
			<row>
				<label>Others</label>
				<nb_visits>2</nb_visits>
				<nb_hits>2</nb_hits>
				<sum_time_spent>0</sum_time_spent>
				<entry_nb_visits>2</entry_nb_visits>
				<entry_nb_actions>2</entry_nb_actions>
				<entry_sum_visit_length>0</entry_sum_visit_length>
				<entry_bounce_count>2</entry_bounce_count>
				<exit_nb_visits>2</exit_nb_visits>
				<avg_time_on_page>0</avg_time_on_page>
				<bounce_rate>100%</bounce_rate>
				<exit_rate>100%</exit_rate>
			</row>
		</subtable>
	</row>
	<row>
		<label>Others</label>
		<nb_visits>22</nb_visits>
		<nb_hits>22</nb_hits>
		<sum_time_spent>0</sum_time_spent>
		<entry_nb_visits>22</entry_nb_visits>
		<entry_nb_actions>22</entry_nb_actions>
		<entry_sum_visit_length>0</entry_sum_visit_length>
		<entry_bounce_count>22</entry_bounce_count>
		<exit_nb_visits>22</exit_nb_visits>
		<avg_time_on_page>0</avg_time_on_page>
		<bounce_rate>100%</bounce_rate>
		<exit_rate>100%</exit_rate>
	</row>
</result>