<?xml version="1.0" encoding="utf-8" ?>
<result>
	<row>
		<label>Epiphany 2.30</label>
		<nb_visits>5</nb_visits>
		<nb_actions>5</nb_actions>
		<max_actions>1</max_actions>
		<sum_visit_length>0</sum_visit_length>
		<bounce_count>5</bounce_count>
		<nb_visits_converted>5</nb_visits_converted>
		<sum_daily_nb_uniq_visitors>5</sum_daily_nb_uniq_visitors>
		<logo>plugins/UserSettings/images/browsers/EP.gif</logo>
		<shortLabel>Epiphany 2.30</shortLabel>
	</row>
	<row>
		<label>RockMelt 0.9</label>
		<nb_visits>5</nb_visits>
		<nb_actions>8</nb_actions>
		<max_actions>3</max_actions>
		<sum_visit_length>305</sum_visit_length>
		<bounce_count>3</bounce_count>
		<nb_visits_converted>4</nb_visits_converted>
		<sum_daily_nb_uniq_visitors>5</sum_daily_nb_uniq_visitors>
		<logo>plugins/UserSettings/images/browsers/UNK.gif</logo>
		<shortLabel>RockMelt 0.9</shortLabel>
	</row>
	<row>
		<label>Internet Explorer 10.6</label>
		<nb_visits>3</nb_visits>
		<nb_actions>3</nb_actions>
		<max_actions>1</max_actions>
		<sum_visit_length>0</sum_visit_length>
		<bounce_count>3</bounce_count>
		<nb_visits_converted>3</nb_visits_converted>
		<sum_daily_nb_uniq_visitors>3</sum_daily_nb_uniq_visitors>
		<logo>plugins/UserSettings/images/browsers/IE.gif</logo>
		<shortLabel>Internet Explorer 10.6</shortLabel>
	</row>
	<row>
		<label>Chrome 19.0</label>
		<nb_visits>2</nb_visits>
		<nb_actions>2</nb_actions>
		<max_actions>1</max_actions>
		<sum_visit_length>0</sum_visit_length>
		<bounce_count>2</bounce_count>
		<nb_visits_converted>2</nb_visits_converted>
		<sum_daily_nb_uniq_visitors>2</sum_daily_nb_uniq_visitors>
		<logo>plugins/UserSettings/images/browsers/CH.gif</logo>
		<shortLabel>Chrome 19.0</shortLabel>
	</row>
	<row>
		<label>Chrome 20.0</label>
		<nb_visits>2</nb_visits>
		<nb_actions>2</nb_actions>
		<max_actions>1</max_actions>
		<sum_visit_length>0</sum_visit_length>
		<bounce_count>2</bounce_count>
		<nb_visits_converted>2</nb_visits_converted>
		<sum_daily_nb_uniq_visitors>2</sum_daily_nb_uniq_visitors>
		<logo>plugins/UserSettings/images/browsers/CH.gif</logo>
		<shortLabel>Chrome 20.0</shortLabel>
	</row>
	<row>
		<label>Firefox 6.0</label>
		<nb_visits>2</nb_visits>
		<nb_actions>2</nb_actions>
		<max_actions>1</max_actions>
		<sum_visit_length>0</sum_visit_length>
		<bounce_count>2</bounce_count>
		<nb_visits_converted>2</nb_visits_converted>
		<sum_daily_nb_uniq_visitors>2</sum_daily_nb_uniq_visitors>
		<logo>plugins/UserSettings/images/browsers/FF.gif</logo>
		<shortLabel>Firefox 6.0</shortLabel>
	</row>
	<row>
		<label>Internet Explorer 10.0</label>
		<nb_visits>2</nb_visits>
		<nb_actions>2</nb_actions>
		<max_actions>1</max_actions>
		<sum_visit_length>0</sum_visit_length>
		<bounce_count>2</bounce_count>
		<nb_visits_converted>2</nb_visits_converted>
		<sum_daily_nb_uniq_visitors>2</sum_daily_nb_uniq_visitors>
		<logo>plugins/UserSettings/images/browsers/IE.gif</logo>
		<shortLabel>Internet Explorer 10.0</shortLabel>
	</row>
	<row>
		<label>Mobile Safari 4.0</label>
		<nb_visits>2</nb_visits>
		<nb_actions>2</nb_actions>
		<max_actions>1</max_actions>
		<sum_visit_length>0</sum_visit_length>
		<bounce_count>2</bounce_count>
		<nb_visits_converted>2</nb_visits_converted>
		<sum_daily_nb_uniq_visitors>2</sum_daily_nb_uniq_visitors>
		<logo>plugins/UserSettings/images/browsers/UNK.gif</logo>
		<shortLabel>Mobile Safari 4.0</shortLabel>
	</row>
	<row>
		<label>Chrome 11.0</label>
		<nb_visits>1</nb_visits>
		<nb_actions>1</nb_actions>
		<max_actions>1</max_actions>
		<sum_visit_length>0</sum_visit_length>
		<bounce_count>1</bounce_count>
		<nb_visits_converted>1</nb_visits_converted>
		<sum_daily_nb_uniq_visitors>1</sum_daily_nb_uniq_visitors>
		<logo>plugins/UserSettings/images/browsers/CH.gif</logo>
		<shortLabel>Chrome 11.0</shortLabel>
	</row>
	<row>
		<label>Internet Explorer 6.0</label>
		<nb_visits>1</nb_visits>
		<nb_actions>1</nb_actions>
		<max_actions>1</max_actions>
		<sum_visit_length>0</sum_visit_length>
		<bounce_count>1</bounce_count>
		<nb_visits_converted>1</nb_visits_converted>
		<sum_daily_nb_uniq_visitors>1</sum_daily_nb_uniq_visitors>
		<logo>plugins/UserSettings/images/browsers/IE.gif</logo>
		<shortLabel>Internet Explorer 6.0</shortLabel>
	</row>
	<row>
		<label>Unknown</label>
		<nb_visits>1</nb_visits>
		<nb_actions>1</nb_actions>
		<max_actions>1</max_actions>
		<sum_visit_length>0</sum_visit_length>
		<bounce_count>1</bounce_count>
		<nb_visits_converted>0</nb_visits_converted>
		<sum_daily_nb_uniq_visitors>1</sum_daily_nb_uniq_visitors>
		<logo>plugins/UserSettings/images/browsers/UNK.gif</logo>
		<shortLabel>Unknown</shortLabel>
	</row>
</result>