<?xml version="1.0" encoding="utf-8" ?>
<result>
	<row>
		<visits>3</visits>
		<actions>5</actions>
		<visitsConverted>2</visitsConverted>
		<visitors>2</visitors>
	</row>
</result>