<html>
<head>
<meta http-equiv="Content-Type" content="text/html; charset=utf-8"/>
</head>
<body style="color: rgb(68,68,68);">
<a name="reportTop"/>
<a target="_blank" href=""><img title="Go to Piwik" border="0" alt="Piwik" src='themes/default/images/logo-header.png'/></a>
<h1 style="color: rgb(126,115,99); font-size: 11pt;">
Website Site 1
</h1>
<p>
Mail Test report - Date range: 2010, January
</p><a name="Actions_getPageTitles"/>
<h2 style="color: rgb(126,115,99); font-size: 11pt;">
Page titles
</h2>
<img
alt=""
src="data:image/png;base64,iVBORw0KGgoAAAANSUhEUgAAArwAAADICAIAAACF9KXqAAAfF0lEQVR4nO3dfWxdZ33A8SeJE9/EcVIndpzYiRP7JrhNGQTaDjoUWkZZS0FjHYOogIRAU6Xtj0InxMTQ4E4IjTE0QBpIqyakbQwUoEXboCtCsKYFDUi6ldGKOsm13Ti+jpMb39jOte+9ftsfx5ycnNfnnPOcl3vu96Moeu7xOc/zO6/P77zdu2FtbU0AAAB42Zh0AAAAoDm0GT/k83m9XCwWYw8GAACk142kIZ/PGxMF00cAANDibtyeIEUAAAAu2jzHmJycNH6cnp7eu3evy/i1Wm3jxo1btmwJG1oKrKys1Gq1jo6OpANRo1qt5nK5TZs2JR2IAo1GY3V1NZfLJR2IGvPz852dnUlHoQZHgNTiCJBaaTgCrK6u7HziiBBi/j2jLqPZPwgZ5t5Eo9FYXl4ONm3arKysNBqNpKNQptForKysJB2FGsvLy1laNfV6PekQlOEIkFocAVIrDUeAa6VzMqOZrzRoz0IaM4b+/n7jCKaPVmtra+3t7d3d3VJhplu1Wl1dXe3r60s6EDVqtVpPT082TpvK5XK9Xs/Mqpmfn8/MvHAESC2OAKmVhiPAXPE5reAeifntiXiebHjx3JUYWglvsVarVK4vrDRHtJ5KU9evVjdvzS0kHYgCs3OzjcZSZSH5a+CvPtKTdAgAENbilfMyo924PcHrEgAAtKbDE58RQpzr/wv30Ry/p0HwPgUAAK2kvWvAfYQbSQMpAgAArayjZ9B9hNR9jfS7Hnij9i/pQJoGyyoeLGcAWaW/VtN94Db3MdOVNLzrgTf+29M/0/5l6Rgd3bxoS8ylCZemo17Cev4XZxYYXUMZ2yYBQDd3eUIrbO/a4z5mupIGI60vlJfmA7rfeZGkZwzBRBSVqYmYs8BIZ4q8AUAmzZRGJMdMb9KAjKHHBYB0Wrgi+1Cj99dIx0brUbT/tQ5Gv/Cu9zf6eaSx+9H/qg80nW4aa7D9q7Eq2+G2Tdue1FrP/k2R21ZinMqp7NmQE9Ps2zZqikofzXYcyUXhGZUpHqcYnNr64w+803NRW6eSWdROsQmHZQIATa1RcfvqaKMUJQ0uh2PTcNuP7odyyV7ZlKks1mqVSqVv3z69F5Hs0d0pqSRAi6Wpqa6urq25nG2j1kUhU6fttJLxWD86xRCsrfBT+ZoQAJrUqy7/vRBi/Mjf/pbXmAqShj987LvyIz/5xYcCNOF+1JY5phvHMWYYklcLbIfbZiqmgdazfNtKTH9V3lF51hay15eJ2ThC+MX+z9/6wT9+/Xsui9ozQslFTcYAoEXkug95jhP3lYZCoVAoFEJWYr1bEYavG+1K7spbK/G8EZBCMovC5Tp/DIvddirPRa126wKAlNPft9y597DnyAqShie/+FChUBgcXP9GiEql0tbW5vQrn2Nj4RsUwnBXXoQ7uPu9Ji95VcP9LDYbvZHfCzxG4Rf77Nys8FrUgZezqq0LANKvvljVCjt7PL4OUqi60mC8eDA5ORnbb9w5PdAnKW2n8sabJhl+0SANi11mUYfcugCgKcxc/PVOIYQQ7Vu9fwG1KV+5DNmhutw71wrW5wxsh7tE4n6ZwbaSkCfKtp2ffIfnNMvWCp2aC7xSQi52l8sMTlO5L+oMp2sAYDV36Zz8yCl6e0KeqT+wnjLavhpgGt+2HtuOyqls21Dg+INV4vJMpd+abWdTchH5akvJYtduT/htKFh4xr9y4QFAxtRnXpEfecPa2pra5mVuT7x47oraRt0FPtAbX7lMYVfhNyr9lcsoKo+CSwyzc7ONxlJPLHfB3EN69ZGe8NWOjIwMDw+HrycN4rxBGbVqtTo9PT00NJR0IGqMjo729vZ2dHhfgk6/crlcr9f7+/uTDkSNZI8A81/OCSGKA58+9tAnPEduytsTMXB5STI9svfoQ8oXewpDAgAltnQdkBktmdsTSk7OIm2xWCzm83m9HEFEamhxSka4bdN8b+8u+fOM+FeT/GIvlzfU6/X+/vgilF/OANB0OvfkZUZrymca/Ap2rC8Wi9rFSeXxqBVRT5ZUB5najjm1gQFAYI16TSvsHvD4UWxNMknD8sVTibTr19pibXOlsrxlIulA1Nhcnlpb6VreKvVMQ8ptmJ3d1FhaXovjxnnb/ntiaAUA4jc7fUHrErZtv0VmfJ5pAACgRV2betnX+CQNAAC0qMWr477GJ2kAAKBFDZ77uK/xWzppGL7nw0mH4K0pgswAljOAljU+/EXJMVs6aZDn3qNE198M3/PhkVNfc2nCpemoe8Hhez5s/BdpW8ZGI6p55NTXyBsAtKatEj+KrSFpkKL13JJ/VdX36BlDMGGmlW9C/xdPjxvpTJE3AGgp+o9i37LviOQkJA1Qgx4XAJrLwrX1n3TY0b1fcpKEv9zJ2M3oJ5H6QKczeONw60DtBN22ZiFxGcB6fq9N4lSJ1pYpeFNU7kHanj3LX2Zwml9rDfc+/EnjR1Pk1nadVoRkVKZ4rMOF60qXWRHWCU3xO5VtYxMOywQAMulqaWS3EEKILe2y39+TZNJgOjrrnZ/MQV++h3AaXwS9j+BeibXXkQwyDJcWjQOf+eZnu7q6cltz1rDd6/Qbqt/lH7itABPKLCsAaAXVy8XdPidRcHti/ss5478d38m3/+t+00D9n0s91u5WP4G2Drcd6H5mLNk9mM7a7334k74eaHBv1DPIYDyrCtnry9x6ME7ia/k7tWVq1Dr5m/7o4y5BWi/A2CJjANCyGtcm/U4S95WGQqFQKBS0su31+fTfF3e/rZAZMivC5Tq/r/UYeKVbJ/S859Iiqw8APB2++FkhxPmDhddJT6Igaej8SK1QKAwODmofK5VKW1tbZ2en/diVMeMn4y1/rZyGQ7ne8bz2gT995puftR1BONxizwzJqzK2w/3eBnKqR18RTlcpgi38Vlh9ACApt2tQfmQ1Vxr0iwdCiMnJyfb29u5uH78kZHpasFk0adhRS8NTAnoMLnconB4XBYCWsmOv1I9ia5J85dLp2rJ1HOvtatuBng8fWCtxH/mXT39VJmxfjQY+Oba2K1+b5Lwbn7ewXREBONUp2ZbLZYaffufzTluLaczmuv8FADGoVee0QvcBqR/F1iT59oSpt7A9NbTeivYcKNmizFNykmHbvkChl4M9/OjyWKhxSLCwnR42dFk+fiP3rDOitkJOwoUHAC2iMjW6XQghRPvWDvmpNqytramNQ+b2xPLFU2objUhtsVapVPb17UukdeUd2FRpyvjKZeK9Y5gYZmdnlxpL3T0+7oIFDqlt/z1qW7EaGRkZHh6OupV4BLhBmVrVanV6enpoaCjpQNQYHR3t7e3t6PDRQ6RWuVyu1+v9/f1JB6JGIkeAkZ8+0Xfm/UKIzo/U5KfiGyHTK/C1kNRScqcmOikMCQAisjgzHmCqZG5PxHDqpsSGanVp03Tb/sTOM4rFYj6fLxaLSmpbaoxu6O1t+815RvxrQZsdvRymqrVceaVeb1N3nqFwOQNA+uVHPymEOLv3sTv8TJXw10jDU0Q9WVIdZGo75tQGBgDR2bLzoK/xk0ka5s+UEmnXr8VabakyMz8j+6XcKbc0NVMtidVcFmanNjvbWFqan9pgHNh5Z19S8QBAM+rY4+9SOs80AADQWpaXGlph1/5bfU1I0gAAQGuZvzqlFbZ37fU1IUkDAACtpTL5slZo27zF14QpTRqOnTiekkpS21zLYjkDQEgL5fFgE6bl7QljT/DCyecSjCSYYyeOa2HrBacR3CePLjzjx3iWcEQz9cLJ546dOH7q8e8prxkAWkRjdiLYhKlIGky9SwpPJaPu8mPoxV84+VxpqtTVtWtrLhd1jqK3GF3Nx04c/+FXvhtR/QCQbUemviCEKA58+pjPCZO/PWHtwJrxSkNz0TrdpKMAACQp133Y7yQJX2nwPIPXy7aXIkzTOg23bcg6snWcuz/4tqe+dFIb06VR+SxHG9k6X+7XWrRJ3Nt1mXeZqEzxOIVh25ZTbJ4RGkdwKdvGdurx793zyDvJLwEgsJ37jvidJBW3J2xZuxxrFyVTtn50H9nKts8OzFdsQu5mja/ZkYzHKYxgbYWfyteEAAAn1bmrWqHn4FG/0ypIGp6/83HrwFccRr7jzCOS1co8Tqh359bhTpO4VCIZWEjuDQWIJMDsGEfw9dimzPIPsMBtV6IVGQMAhFe5eG6nEML/+5Yi/isNhUKhUCiEqcHXzfgWOTeVvBqhl53u1KhqS3Iqz9su+q2cVliJABCP+cvFnUGnVZA03HHmkUKhMDg4qH2sVCptbW2dnZ32Y4+Fbc5X/xHzVYSkyMyg8e0J43C/d0Ns23K65OMrQpfmSB0AQJX6tYDvWwpVVxqMFw8mJyfb29u7u7tlJoyhU2+RvCGYNCwZPQaXdzrcvwMDACAv/0pBCHF2z0d8/Si2JvlXLq1dhcvJrtPIpuG2bx84fXS5fy87D64RujThOblTDC6z4zKVJ+MLDrZhuLTlfpnBZSrryNbRAABqbdk1GGCqVLw94d6pe45sHW7bFdneLHeqwTqOU+W2j2E6vawow7Zd90XktEx8teXUtEtZvi3lU93zyDv5cicACKxjj+/3LYUQG9bW1tTGIXN7Yv5MSW2jEVms1SqVmb59fe6jRXrZXGHlts80xB+GEsdOHP/hV77bc/Nm1nmnx5pKrZGRkeHh4aSjUMPXDcqUq1ar09PTQ0NDSQeixujoaG9vb0dHR9KBKFAul+v1en9/f9KBqBHnEaC+WG08vlsIId4/1tm9z+/kyd+eyAD3SyNNSuYOTlKO8dsTABDI7PQFrbCta0+AyZO5PdEsZ4Qbq9Xr06JzyDvaYrGYz+eLxWIUYahaXJtHax3S5xnaHOllJQEooS3ncrm8oV7v7G+ODQkAUuLa1MhWIYQQmzZtCjB5Kp5pyIaIetYEO+xU5Qq6dEYFAE2hNnMhzOTJJA2lM/OJtOtXrbY4U1nKzTRHtJ5mppZEqZrLrSYdiAKzs7WlpcaGqYysmmsTy6V5xfPSd6fDd6UAaGGD5z8eZnKeaQAAoLUUD/5VsAlJGgAAaC3b9rwq2IQkDQAAtJau/luDTUjS0PSOnzgmM87xE8dOfPTB2NqViQrhsZwByJsrr39JUs/B24LVkGTSoPVk+r9IG/I1PGOOnzj23MkXnjv5QswtiqBLPur1EtuGZ2wxopqfO/lCi2zGAMKrlM6FrCHhVy6NPZne00Qh0sqViyjak196SnmdVuGDj2FNxbbhWZuLovLm2rwBJGX+8vld4WpI0e2JSM+ZOCGDE7YNAC2icS3UlzSIxK80uDAex/WzKNPB3Trc5XzL/YTMtrm3ffDuk196ylS5tS331rVGbet3qc2zTve5cKrth//038Gicm/XOILkKa9LAKZKrCv9+Ilj33v8lEu7MtuDS2C2IZlicGrIugS0cZyWpO2ELmVrDIKLDQDkHJn8GyHEuX0fe33QGlKaNFj7AOthUT+AOh1hQzanlU989EHTIdvUlkzrTvXbTuvZAfhaDsbaTD2fr6hc2g3MZbG7jOOrWr/bQzwbXrAJZRYXAHhq350PPK2CpOHxO5+3G/yK7ciPnLnDqR7jQdCz83Aa7t7jOv3V5eBreg7Aer4o03r4yJ2mClObr3qi6KICz6z8JDKRq93wbPNIY65jO+E3vvDvphGCrT4A8LS9J/gPt8Z9paFQKBQKBf2j0+VWIXdO6XdM4dyLBD5vTs/tcFWRpGeOgpG8GqGX49nwPCe03TJNCY3tnQ4AkFGrzmmF3QcCvm8plCQNj5y5o1AoDA4Oah8rlUpbW1tnp8P33o/d9MnlCQP5i9J+j6G2F5wDX3hPzxFcVSTpmaNgZOKPdMPzvDxjHTgxIfV0kvE2U7OvJgAxm5k8r3XM2wP9KLZGzZUG48WDycnJ9vb27u7uwLXFfLOWe8PQpGFLMD2MYjuO9dETAPA0N30u/K/YpeiVSyf6eZXpxrBWsB5bZa4TuByRA9zsCDa5+61u+anCR+JSv/Ba/n5rE356O8lGTfcalCwHEW7Dc7/M4DSh+9MwzX7bCECyajP2zxr6ksa3J0xHVeOtXNtDtnV8X604NRc42mDTWh+Oc6pQ7XJwj8pYj0tbpmmd5iVAYLaNuq+ywMshng3PdkKZ2xMuzXHVAYCn/PinwleyYW1tLXwtRjK3J0pn5sM3FMOBslZbnKlU+vb1RdpKbEpTpV1dXbnc1khbiXS96JXPzs4uLTW6u3siakgmBoUmJi4cODAQeHLbkPruDH8lMojwNyjTo1qtTk9PDw0Ff9Q8VUZHR3t7ezs6OpIORIFyuVyv1/v7+5MORI2RkZHh4eGoW5n/ck4IMXbk86958NHAlTTB7QldgIv5iJ/fSzXpl/INL4UhAUit3O5DYSZP5vZEsHOgYrGYz+f1stKI7FWrG8X09b6hZM7YlKuNbu7t7YjhPENbUxGtI23j2VKu1+sb+vrjWDUxbHjznW19w0HmJbrlDCCTdu0/GmZyc9KgHRxTexhKbWAwiWhNJbUBpHbDS21gAFJlZmp0sxBCiO7+w2Hquen2BGctAABkz8zFl5XUc1PSQMYAAED2LFxR0797P9MwOztr/Hj9+vUdO3a4jN9oNNbW1ubnFbwfkbharba8vJyNeRFCLC8vLywsrK6uJh2IArVabWlpKUurJjPzwhEgtTgCpFYMm1nt6vr3MTs1tFJf+dYDRSHEw//1Kpd6vJOGUqlk/Dg2NqY/FGarXq9v3LixWq161px+y8vLy8vLpiXQvLTdrK0tjV/O4dfS0tLq6mqj0Ug6EDUajUZmNjOOAKnFESC1YjgC3DbzVSHE/+58tNehoeknZoTYIiydvon31nPbbbe5fLTiLe3U4i3t1IrnLe14cARILY4AqRXDEWD+aSGE6Dn0WqeGTj35vBDi1ruFeyTN9D0NAAAgsO299q9OrC6v37Q6dH+vew0kDQAAZFl17qpW2OXwvuXc6PqvZg+8c797VTfdntAfVkj5tzUAAABJMxMjtwghhOjYsdt2hLEnJiWruilpIEsAACBj5qbP3uI6wuknakKIY2/f7FkVtycAAMiy+tVxl7825tZfQjn44F7PqkgaAADIsiOlzwkhzu19zPavV86UtULv3Xs8qyJpAAAg+zbvHLAdfvFHV+QrIWkAACD7tvUM2g7/5Q+WhRB3f0DqCzxIGgAAyKyVlRWtsKvf5rsZq6UFrXDgAe8HGgRJAwAAGVa+8Gut0LX3oPWvU89Ma4VbbnV/wWIdSQMAAJlVmXT7Uewf/92Mr9pIGgAAyCz99y1d3Puo1GUGQdIAAECG5cf/0ulP116+phX679snWRtJAwAAGVc89BnrwFeemtIKHX3bJOshaQAAIONyu22egvz5NxaEEK+5r836JyckDQAAZFynw49iCyH67+2Wr4ekAQCAbJorl7TC7j5z0nDpJ+svW+55A0kDAAAt7+rE+pc05Dp2mP504en1pKG9q12+QpIGAACy6fr0iNOfXnh6SQhxxx/4yBgESQMAAFm1NFO0Hb66vKoVBt4u9e3ROpIGAACy6ciVrwghzvX/uWn42JMXtMKu27t8VUjSAABAlm3ZecA0ZOLHV7XCptwmX1WRNAAAkEH671tu7xky/ensGSGEuPuDUj+HbUTSAABABjXqNa2wa/+txuGL04taYejd5isQnkgaAADIoKsXXtIKO7r7jMPPfXNcK2zds9VvnSQNAABk0NyU/fuWP/v6glbY2OY7ByBpAAAgg2pXR60D9Zct733U33sTGpIGAAAy6MjkX1sHlv9n/b2Jw+87FKBOkgYAADJrLP8548fx71/SCgHuTQiSBgAAMqz95h/FfuH7DSHE7W8O2PuTNAAAkDX6lzTs7M3rAxtzDa1w8P7eYNWSNAAAkDWV0vpTkF37biQNpWfW703sv7/PZhoJJA0AAGRNZeqsVmjfeuNrHydPXQ1ZLUkDAABZs3DF5vctXzq1KoR4/e/7+zlsI5IGAACyZuj8x01DqhPXtcKhB/cFrpakAQCAbDo/8Cm9PPH0lFbovnN34ApJGgAAyKb2W/br5Wf/YS58hSQNAABkiuFHsQdNf/qdD20PUzNJAwAAmbIwf00r7B44qhWu/nJGKww8EPBlSw1JAwAAmTJz8ddaoWPH+uML+gMNO/KdYWomaQAAIFOuT583DfnFt2tKaiZpAAAgU+oz48aPK7X1Rxze+rHg701oSBoAAMiUI6WbftmydGr926P73hLwJyd0JA0AAGTQ2JEvaIWJH13RClt7t4ask6QBAIAM2rbrkFZ48ccrQojX3r85fJ0kDQAAZEejvv7M487+I0KIWnn94/7f7QlfOUkDAADZUSmt/1TVzj0HhRDj/zGpfey5K+xTkIKkAQCALLn2mx/F3tKeE0I8+5X1L3rasmNL+MpJGgAAyI7a1XHrwLvek1NSOUkDAADZMTT6Cb08e3b9R6oOviPUt0frSBoAAMia8wMFIcTYdy9qH3ce3qGkWpIGAACypr3rgBDiF99e1D5uym1SUi1JAwAAGbG81NAKnb351eVVrfymD4X6kSojkgYAADLi+sy0VugZOHrp2fVy/uEBVfWTNAAAkBGV0jmtkOvYMf7U+k9OKHnZUkPSAABARlTLRb384jOrQojDr1vb2KasrydpAAAgIxrXJtYLc+sPNww+oODbo3VtCusCAAAJOlL6vBDibO9jt/xnSRsy+O6DCuvnSgMAAJmyuevgj/72ahQ1kzQAAJApHbsPaYXX3Kfm6xl0JA0AAGRBrbr+pdG5DYe0wsG371PbBEkDAABZUJ54eb3wk/Wvddp3T6/aJkgaAADIguuXx7XCz/9lMaImSBoAAMiCWmVcCLGyvFn7+Nvv3aq8CZIGAACyID/+KSHEtcvD2scD9+9V3gRJAwAA2TFy5TGtsPu1u5RXTtIAAEB2vPJ/t0ZXOUkDAABNr1GvCSEate3axzf/yc4oWiFpAACg6c2VJ4QQVy7cpX3sf6vily01JA0AADS9a6WzQohLE2/SPnYe6oyiFZIGAACa3kL5FSHE2dLbhRC3vzmqzp2kAQCApjd49s8WZte/NLr/+O6IWiFpAAAgC0pjb9YKe4/viagJkgYAALLg9K8e1Qq57lxETZA0AACQHa9/x5boKidpAACguV2vXJ65dFQr7/+9SF621JA0AADQ3GYujpTG3qKVd7+uK7qGSBoAAGhu85eLvzr/Pq28edvm6BoiaQAAoLk1rk1ohTc8vC3ShtqMH/L5vF4uFouRNgwAAJTY/uyzQjwohDj0UF+kDd1IGvL5vDFRMH0EAADpdKF4n1boHIjk26N13J4AAKC5FS+tJw0b26Lt1tu8R/Hp+++6JIQQ4hXlNSfn+aQDUKiSdABqXUo6AGVOZWozExwB0oojQEopOQIce+9i+ErceScNp0+fNn58+eWXjx49Glk8AAAgiA1v2vz889HmuN5Jw1133eXy0WrXt8e2bdvW2xvhl0vEZn5+/sKFC7fffnvSgajx0ksvDQwMdHZGe8crHtPT0wsLC4ODg0kHosbp06c996xmMTbGESClOAKkVhMdAXimAQAASCFpAAAAUm7cnigWi3xPAwAAcHLTMw0kCgAAwMmGtbW1pGMAAABNgGcaAACAFJKGjDA+jwLAE7sMEIDN9zSE/9UJ2wcqrQNNQ6z7cOAwtKqU/JSGZ9i2oymcF2E5uoVcLMZKgq2pYK0Lh/USuM7AwUfxwG9Se43ThMFaT3CXcRotmMzsMiK7e02z7zIic3uNrLWbDQ0N6f8HY5rWtsKhoSHb0dyH+IrBs37JemSqjXReJCf3HCfwvChZki61qVo1tgMjnR331gPU4F5hpLOT+C6jdr1kZpdxqrDZ95oM7DIKa0vJlibJ4/aEKWHXP+ZvZhwnJUmo7em+uDlycfMMqr08YKw2igTQdvnbrhFNSl6NMa4X6w+rGoOPYdVEJKm9JqT07DIRadJdRrTAXtOku4xogb3GKsgPVlm3WnXxRKt5IzexnRHjwIgylUg1dfCemnTba9KwrTK5y4hM7zXNu+01b+QybrrSoM+qU/bkV7DtWNXWLzMX+jiejSY7L07ptpF8Q76i0haRLrYDU0SrRvnsJLvXqJ2dBHeZKNZLUrtMgqI+oCmRko5GlTR0NHFS/9PYmnyIR3UU0laV8geR4mdtPdjOFmBerFmzqp7JVE+AOUrD7CiUhtlJapeJYkZso/IrwLyo6gtt60xkr4lijpRIybwktdcksl7MSUPieV+qDuIixfMS4NiRtmVrZIxNciNMz+wkvtekSmpnJM5dJp6r03HuNWrnKNldJoX3DppoXm4kDdagTRHYBmQdmLZDhmcu5pIkpm1enDRdxiAZSfpXTSb3GnYZfRyFd6/CS8leE7KSVO0yatdOsntNbLuex+0J44IwXh+zDjQyDSkWi6bRig4vmEY927ZhuLPOi7UGp7mL9DKDqUXTvVunTdO9EqeBfhdaAAGus4XZzExD1Ip/rzENUSjmXcZXQ74ktcvEeUCTEX4zy9IuE8/RLJ69JrZkXcFvTzTLuQWaUVa3rqzOF9Igk1tXJmeqGQV8EDKGU08gY4cJ9hrEIEt7DbtMCvErlwAAQAo/WAUAAKSQNAAAACkkDQAAQMr/A0MBdjOAdTTiAAAAAElFTkSuQmCC"
height="200"
width="700"/>
<br/>
<a style="text-decoration:none; color: rgb(126,115,99); font-size: 9pt" href="#reportTop">
Back to top
</a></body>
</html>